---
source: core/tests/suite/scenarios_mailbox_preemption_tests.rs
expression: "context_snapshot::format_context_snapshot(\"Worker messages arrive during a response. Deferred mailbox preemption lets the planned tool execute before the next request receives both messages.\",\n&entries, &ContextSnapshotOptions::default().rewrite_known_segments(),)"
---
Scenario: Worker messages arrive during a response. Deferred mailbox preemption lets the planned tool execute before the next request receives both messages.

## Window 1
-- request 1 (request) --
00:message/developer[2]:
    [01] <PERMISSIONS_INSTRUCTIONS>
    [02] <headless_session>
        This session runs unattended through `codex exec`. Nobody reads the `commentary` channel while you work,...nd put everything the user needs in the final answer. [hash=cb124ac4f054c233]
        </headless_session>
01:message/user:
    <ENVIRONMENT_CONTEXT>
02:message/user:
    Plan the next action while the worker finishes.
-- request 2 (request) --
03:message/assistant:
    I will update the plan.
04:agent_message
05:agent_message
